exports[`components TextBox should call handleClick 1`] = `
<TextBox
  isFocused={true}
  onClick={[Function]}
  placeholder="Kaaarl">
  <div
    className="my-textbox-component">
    <input
      autoFocus={true}
      className="textbox-input"
      onKeyPress={[Function]}
      placeholder="Kaaarl"
      type="text" />
    <button
      onClick={[Function]}>
      Add
    </button>
  </div>
</TextBox>
`;

exports[`components TextBox should call handleClick 2`] = `
<TextBox
  isFocused={true}
  onClick={[Function]}
  placeholder="Kaaarl">
  <div
    className="my-textbox-component">
    <input
      autoFocus={true}
      className="textbox-input"
      onKeyPress={[Function]}
      placeholder="Kaaarl"
      type="text" />
    <button
      onClick={[Function]}>
      Add
    </button>
  </div>
</TextBox>
`;

exports[`components TextBox should call handleClick 3`] = `
<TextBox
  isFocused={true}
  onClick={[Function]}
  placeholder="Kaaarl">
  <div
    className="my-textbox-component">
    <input
      autoFocus={true}
      className="textbox-input"
      onKeyPress={[Function]}
      placeholder="Kaaarl"
      type="text" />
    <button
      onClick={[Function]}>
      Add
    </button>
  </div>
</TextBox>
`;

exports[`components TextBox should call handleClick with empty input 1`] = `
<TextBox
  isFocused={true}
  onClick={[Function]}
  placeholder="Kaaarl">
  <div
    className="my-textbox-component">
    <input
      autoFocus={true}
      className="textbox-input"
      onKeyPress={[Function]}
      placeholder="Kaaarl"
      type="text" />
    <button
      onClick={[Function]}>
      Add
    </button>
  </div>
</TextBox>
`;

exports[`components TextBox should call handleClick with empty input 2`] = `
<TextBox
  isFocused={true}
  onClick={[Function]}
  placeholder="Kaaarl">
  <div
    className="my-textbox-component">
    <input
      autoFocus={true}
      className="textbox-input"
      onKeyPress={[Function]}
      placeholder="Kaaarl"
      type="text" />
    <button
      onClick={[Function]}>
      Add
    </button>
  </div>
</TextBox>
`;

exports[`components TextBox should call handleKeyPress 1`] = `
<TextBox
  isFocused={true}
  onClick={[Function]}
  placeholder="Kaaarl">
  <div
    className="my-textbox-component">
    <input
      autoFocus={true}
      className="textbox-input"
      onKeyPress={[Function]}
      placeholder="Kaaarl"
      type="text" />
    <button
      onClick={[Function]}>
      Add
    </button>
  </div>
</TextBox>
`;

exports[`components TextBox should call handleKeyPress 2`] = `
<TextBox
  isFocused={true}
  onClick={[Function]}
  placeholder="Kaaarl">
  <div
    className="my-textbox-component">
    <input
      autoFocus={true}
      className="textbox-input"
      onKeyPress={[Function]}
      placeholder="Kaaarl"
      type="text" />
    <button
      onClick={[Function]}>
      Add
    </button>
  </div>
</TextBox>
`;

exports[`components TextBox should call handleKeyPress with non-enter key 1`] = `
<TextBox
  isFocused={true}
  onClick={[Function]}
  placeholder="Kaaarl">
  <div
    className="my-textbox-component">
    <input
      autoFocus={true}
      className="textbox-input"
      onKeyPress={[Function]}
      placeholder="Kaaarl"
      type="text" />
    <button
      onClick={[Function]}>
      Add
    </button>
  </div>
</TextBox>
`;

exports[`components TextBox should call handleKeyPress with non-enter key 2`] = `
<TextBox
  isFocused={true}
  onClick={[Function]}
  placeholder="Kaaarl">
  <div
    className="my-textbox-component">
    <input
      autoFocus={true}
      className="textbox-input"
      onKeyPress={[Function]}
      placeholder="Kaaarl"
      type="text" />
    <button
      onClick={[Function]}>
      Add
    </button>
  </div>
</TextBox>
`;

exports[`components TextBox should render self 1`] = `
<TextBox
  isFocused={true}
  onClick={[Function]}
  placeholder="Kaaarl">
  <div
    className="my-textbox-component">
    <input
      autoFocus={true}
      className="textbox-input"
      onKeyPress={[Function]}
      placeholder="Kaaarl"
      type="text" />
    <button
      onClick={[Function]}>
      Add
    </button>
  </div>
</TextBox>
`;
